src/application/useCases/CalculateInvestment.ts(1,10): error TS1484: 'InvestmentCalculation' is a type and must be imported using a type-only import when 'verbatimModuleSyntax' is enabled.
src/application/useCases/CalculateLoan.ts(1,10): error TS1484: 'LoanCalculation' is a type and must be imported using a type-only import when 'verbatimModuleSyntax' is enabled.
src/application/useCases/CalculateTax.ts(1,10): error TS1484: 'TaxCalculation' is a type and must be imported using a type-only import when 'verbatimModuleSyntax' is enabled.
src/domain/services/InvestmentService.ts(1,10): error TS1484: 'InvestmentCalculation' is a type and must be imported using a type-only import when 'verbatimModuleSyntax' is enabled.
src/domain/services/LoanCalculatorService.ts(1,10): error TS1484: 'LoanCalculation' is a type and must be imported using a type-only import when 'verbatimModuleSyntax' is enabled.
src/domain/services/TaxCalculatorService.ts(1,10): error TS1484: 'TaxCalculation' is a type and must be imported using a type-only import when 'verbatimModuleSyntax' is enabled.
src/presentation/components/calculators/InvestmentCalculator.tsx(1,24): error TS2307: Cannot find module '@/presentation/components/ui/button' or its corresponding type declarations.
src/presentation/components/calculators/InvestmentCalculator.tsx(2,58): error TS2307: Cannot find module '@/presentation/components/ui/card' or its corresponding type declarations.
src/presentation/components/calculators/InvestmentCalculator.tsx(3,23): error TS2307: Cannot find module '@/presentation/components/ui/input' or its corresponding type declarations.
src/presentation/components/calculators/InvestmentCalculator.tsx(4,23): error TS2307: Cannot find module '@/presentation/components/ui/label' or its corresponding type declarations.
src/presentation/components/calculators/InvestmentCalculator.tsx(39,26): error TS7006: Parameter 'e' implicitly has an 'any' type.
src/presentation/components/calculators/InvestmentCalculator.tsx(50,26): error TS7006: Parameter 'e' implicitly has an 'any' type.
src/presentation/components/calculators/InvestmentCalculator.tsx(63,26): error TS7006: Parameter 'e' implicitly has an 'any' type.
src/presentation/components/calculators/InvestmentCalculator.tsx(74,26): error TS7006: Parameter 'e' implicitly has an 'any' type.
src/presentation/components/calculators/LoanCalculator.tsx(1,24): error TS2307: Cannot find module '@/presentation/components/ui/button' or its corresponding type declarations.
src/presentation/components/calculators/LoanCalculator.tsx(2,58): error TS2307: Cannot find module '@/presentation/components/ui/card' or its corresponding type declarations.
src/presentation/components/calculators/LoanCalculator.tsx(3,23): error TS2307: Cannot find module '@/presentation/components/ui/input' or its corresponding type declarations.
src/presentation/components/calculators/LoanCalculator.tsx(4,23): error TS2307: Cannot find module '@/presentation/components/ui/label' or its corresponding type declarations.
src/presentation/components/calculators/LoanCalculator.tsx(36,24): error TS7006: Parameter 'e' implicitly has an 'any' type.
src/presentation/components/calculators/LoanCalculator.tsx(47,24): error TS7006: Parameter 'e' implicitly has an 'any' type.
src/presentation/components/calculators/LoanCalculator.tsx(58,24): error TS7006: Parameter 'e' implicitly has an 'any' type.
src/presentation/components/calculators/TaxCalculator.tsx(1,24): error TS2307: Cannot find module '@/presentation/components/ui/button' or its corresponding type declarations.
src/presentation/components/calculators/TaxCalculator.tsx(2,58): error TS2307: Cannot find module '@/presentation/components/ui/card' or its corresponding type declarations.
src/presentation/components/calculators/TaxCalculator.tsx(3,23): error TS2307: Cannot find module '@/presentation/components/ui/input' or its corresponding type declarations.
src/presentation/components/calculators/TaxCalculator.tsx(4,23): error TS2307: Cannot find module '@/presentation/components/ui/label' or its corresponding type declarations.
src/presentation/components/calculators/TaxCalculator.tsx(33,24): error TS7006: Parameter 'e' implicitly has an 'any' type.
src/presentation/components/calculators/TaxCalculator.tsx(44,24): error TS7006: Parameter 'e' implicitly has an 'any' type.
src/presentation/pages/Home.tsx(2,24): error TS2307: Cannot find module '@/presentation/components/ui/button' or its corresponding type declarations.
src/presentation/pages/Home.tsx(3,75): error TS2307: Cannot find module '@/presentation/components/ui/card' or its corresponding type declarations.
